18:23:23.484 INFO test.KeywordProbabilityTest> 开始测试关键词触发概率范围限制
18:23:23.485 INFO test.KeywordProbabilityTest> 测试值: 0.0
18:23:23.492 INFO test.KeywordProbabilityTest> 输入值: 0.0, 实际值: 0.0, 范围正确: true
18:23:23.492 INFO test.KeywordProbabilityTest> ✓ 概率值范围限制正常
18:23:23.492 INFO test.KeywordProbabilityTest> 测试值: 0.5
18:23:23.493 INFO test.KeywordProbabilityTest> 输入值: 0.5, 实际值: 0.5, 范围正确: true
18:23:23.493 INFO test.KeywordProbabilityTest> ✓ 概率值范围限制正常
18:23:23.493 INFO test.KeywordProbabilityTest> 测试值: 1.0
18:23:23.504 INFO test.KeywordProbabilityTest> 输入值: 1.0, 实际值: 1.0, 范围正确: true
18:23:23.505 INFO test.KeywordProbabilityTest> ✓ 概率值范围限制正常
18:23:23.505 INFO test.KeywordProbabilityTest> 测试值: -0.5
18:23:23.505 INFO test.KeywordProbabilityTest> 输入值: -0.5, 实际值: 0.0, 范围正确: true
18:23:23.505 INFO test.KeywordProbabilityTest> ✓ 概率值范围限制正常
18:23:23.505 INFO test.KeywordProbabilityTest> 测试值: 1.5
18:23:23.506 INFO test.KeywordProbabilityTest> 输入值: 1.5, 实际值: 1.0, 范围正确: true
18:23:23.506 INFO test.KeywordProbabilityTest> ✓ 概率值范围限制正常
18:23:23.506 INFO test.KeywordProbabilityTest> 测试值: -1.0
18:23:23.506 INFO test.KeywordProbabilityTest> 输入值: -1.0, 实际值: 0.0, 范围正确: true
18:23:23.506 INFO test.KeywordProbabilityTest> ✓ 概率值范围限制正常
18:23:23.506 INFO test.KeywordProbabilityTest> 测试值: 2.0
18:23:23.506 INFO test.KeywordProbabilityTest> 输入值: 2.0, 实际值: 1.0, 范围正确: true
18:23:23.507 INFO test.KeywordProbabilityTest> ✓ 概率值范围限制正常
18:23:23.507 INFO test.KeywordProbabilityTest> 关键词触发概率范围限制测试完成
